// Vitest Snapshot v1

exports[`createElement > createElement can be aborted 1`] = `"<div ><span >on time</span></div>"`;
